PID: 20688
DESC: 

########## Model HPs ##########
tau: 0.1
cl_weight: 0.1
mu: 0.5
########## Model Parameters ##########
learning rate: 0.0010
context_hops: 2
node_dropout: 1
node_dropout_rate: 0.5
mess_dropout: 1
mess_dropout_rate: 0.1
all_embed: torch.Size([42296, 64])
interact_mat: torch.Size([2625, 2625])
edge_index: torch.Size([2, 332742])
edge_type: torch.Size([332742])
start training ...
neg_sampling_cpp time: 0.32s
train_cf_triples shape: (65641, 3)
KG Training: Epoch 0000 Total Iter 0081 | Total Time 12.8s | Iter Mean Loss 0.5674
+-------+--------------------+-------------------+-------------------------------------------+--------------+--------------+--------------+--------------+
| Epoch |   training time    |    tesing time    |                    Loss                   |    recall    |     ndcg     |  precision   |  hit_ratio   |
+-------+--------------------+-------------------+-------------------------------------------+--------------+--------------+--------------+--------------+
|   0   | 11.220970630645752 | 6.397077322006226 | [0.6330592413674023, 0.10048320468823489] | [0.11075521] | [0.19698082] | [0.16436903] | [0.72110286] |
+-------+--------------------+-------------------+-------------------------------------------+--------------+--------------+--------------+--------------+
###find better!
neg_sampling_cpp time: 0.33s
train_cf_triples shape: (65641, 3)
KG Training: Epoch 0001 Total Iter 0081 | Total Time 12.6s | Iter Mean Loss 0.2414
+-------+--------------------+--------------------+------------------------------------------+--------------+--------------+--------------+--------------+
| Epoch |   training time    |    tesing time     |                   Loss                   |    recall    |     ndcg     |  precision   |  hit_ratio   |
+-------+--------------------+--------------------+------------------------------------------+--------------+--------------+--------------+--------------+
|   1   | 10.951127767562866 | 5.9995691776275635 | [0.540079479078345, 0.42021363364232006] | [0.14911037] | [0.25546403] | [0.20572641] | [0.81442206] |
+-------+--------------------+--------------------+------------------------------------------+--------------+--------------+--------------+--------------+
###find better!
neg_sampling_cpp time: 0.32s
train_cf_triples shape: (65641, 3)
KG Training: Epoch 0002 Total Iter 0081 | Total Time 12.4s | Iter Mean Loss 0.0947
+-------+--------------------+------------------+------------------------------------------+--------------+-------------+--------------+--------------+
| Epoch |   training time    |   tesing time    |                   Loss                   |    recall    |     ndcg    |  precision   |  hit_ratio   |
+-------+--------------------+------------------+------------------------------------------+--------------+-------------+--------------+--------------+
|   2   | 11.342988014221191 | 5.85815167427063 | [0.5165792618545204, 0.1574818249716096] | [0.15964739] | [0.2714505] | [0.21749735] | [0.82502651] |
+-------+--------------------+------------------+------------------------------------------+--------------+-------------+--------------+--------------+
###find better!
neg_sampling_cpp time: 0.31s
train_cf_triples shape: (65641, 3)
KG Training: Epoch 0003 Total Iter 0081 | Total Time 12.4s | Iter Mean Loss 0.0627
+-------+--------------------+--------------------+-------------------------------------------+--------------+--------------+--------------+--------------+
| Epoch |   training time    |    tesing time     |                    Loss                   |    recall    |     ndcg     |  precision   |  hit_ratio   |
+-------+--------------------+--------------------+-------------------------------------------+--------------+--------------+--------------+--------------+
|   3   | 11.038579940795898 | 5.7685370445251465 | [0.4739986989258451, 0.16905442954391894] | [0.17426144] | [0.29294642] | [0.23658537] | [0.84093319] |
+-------+--------------------+--------------------+-------------------------------------------+--------------+--------------+--------------+--------------+
###find better!
neg_sampling_cpp time: 0.31s
train_cf_triples shape: (65641, 3)
KG Training: Epoch 0004 Total Iter 0081 | Total Time 12.4s | Iter Mean Loss 0.0523
+-------+--------------------+-------------------+------------------------------------------+--------------+--------------+--------------+-------------+
| Epoch |   training time    |    tesing time    |                   Loss                   |    recall    |     ndcg     |  precision   |  hit_ratio  |
+-------+--------------------+-------------------+------------------------------------------+--------------+--------------+--------------+-------------+
|   4   | 11.197421789169312 | 6.369779348373413 | [0.4407735615285402, 0.1591330329057124] | [0.18499395] | [0.31052428] | [0.25132556] | [0.8621421] |
+-------+--------------------+-------------------+------------------------------------------+--------------+--------------+--------------+-------------+
###find better!
neg_sampling_cpp time: 0.32s
train_cf_triples shape: (65641, 3)
KG Training: Epoch 0005 Total Iter 0081 | Total Time 12.5s | Iter Mean Loss 0.0486
+-------+--------------------+-------------------+--------------------------------------------+--------------+--------------+--------------+--------------+
| Epoch |   training time    |    tesing time    |                    Loss                    |    recall    |     ndcg     |  precision   |  hit_ratio   |
+-------+--------------------+-------------------+--------------------------------------------+--------------+--------------+--------------+--------------+
|   5   | 11.051530838012695 | 6.502386093139648 | [0.40490426318529704, 0.14990135417541955] | [0.19425857] | [0.31953264] | [0.26086957] | [0.87486744] |
+-------+--------------------+-------------------+--------------------------------------------+--------------+--------------+--------------+--------------+
###find better!
neg_sampling_cpp time: 0.32s
train_cf_triples shape: (65641, 3)
KG Training: Epoch 0006 Total Iter 0081 | Total Time 12.2s | Iter Mean Loss 0.0462
+-------+--------------------+------------------+--------------------------------------------+--------------+--------------+--------------+--------------+
| Epoch |   training time    |   tesing time    |                    Loss                    |    recall    |     ndcg     |  precision   |  hit_ratio   |
+-------+--------------------+------------------+--------------------------------------------+--------------+--------------+--------------+--------------+
|   6   | 11.647128582000732 | 6.38789701461792 | [0.37347540891220793, 0.15031915688703226] | [0.19863497] | [0.32716461] | [0.26436903] | [0.88229056] |
+-------+--------------------+------------------+--------------------------------------------+--------------+--------------+--------------+--------------+
###find better!
neg_sampling_cpp time: 0.32s
train_cf_triples shape: (65641, 3)
KG Training: Epoch 0007 Total Iter 0081 | Total Time 12.2s | Iter Mean Loss 0.0442
+-------+-------------------+-------------------+--------------------------------------------+--------------+--------------+--------------+--------------+
| Epoch |   training time   |    tesing time    |                    Loss                    |    recall    |     ndcg     |  precision   |  hit_ratio   |
+-------+-------------------+-------------------+--------------------------------------------+--------------+--------------+--------------+--------------+
|   7   | 11.45264458656311 | 6.315618991851807 | [0.34722926332960724, 0.14211226050835313] | [0.20283365] | [0.33199929] | [0.26945917] | [0.88971368] |
+-------+-------------------+-------------------+--------------------------------------------+--------------+--------------+--------------+--------------+
###find better!
neg_sampling_cpp time: 0.32s
train_cf_triples shape: (65641, 3)
KG Training: Epoch 0008 Total Iter 0081 | Total Time 12.3s | Iter Mean Loss 0.0428
+-------+--------------------+-------------------+--------------------------------------------+--------------+--------------+--------------+--------------+
| Epoch |   training time    |    tesing time    |                    Loss                    |    recall    |     ndcg     |  precision   |  hit_ratio   |
+-------+--------------------+-------------------+--------------------------------------------+--------------+--------------+--------------+--------------+
|   8   | 11.451884984970093 | 6.290035009384155 | [0.32529319925555666, 0.13960659211729531] | [0.20731593] | [0.33578328] | [0.27444327] | [0.89501591] |
+-------+--------------------+-------------------+--------------------------------------------+--------------+--------------+--------------+--------------+
###find better!
neg_sampling_cpp time: 0.32s
train_cf_triples shape: (65641, 3)
KG Training: Epoch 0009 Total Iter 0081 | Total Time 12.4s | Iter Mean Loss 0.0425
+-------+--------------------+-------------------+-------------------------------------------+--------------+--------------+-------------+--------------+
| Epoch |   training time    |    tesing time    |                    Loss                   |    recall    |     ndcg     |  precision  |  hit_ratio   |
+-------+--------------------+-------------------+-------------------------------------------+--------------+--------------+-------------+--------------+
|   9   | 11.446507692337036 | 6.269874572753906 | [0.30499872713325366, 0.1336642847467814] | [0.20933677] | [0.33987646] | [0.2766702] | [0.89925769] |
+-------+--------------------+-------------------+-------------------------------------------+--------------+--------------+-------------+--------------+
###find better!
neg_sampling_cpp time: 0.32s
train_cf_triples shape: (65641, 3)
KG Training: Epoch 0010 Total Iter 0081 | Total Time 12.4s | Iter Mean Loss 0.0415
+-------+--------------------+-------------------+-------------------------------------------+--------------+-------------+--------------+--------------+
| Epoch |   training time    |    tesing time    |                    Loss                   |    recall    |     ndcg    |  precision   |  hit_ratio   |
+-------+--------------------+-------------------+-------------------------------------------+--------------+-------------+--------------+--------------+
|   10  | 11.504940748214722 | 6.218550682067871 | [0.2867475226538519, 0.12983502757768847] | [0.20680703] | [0.3408845] | [0.27773065] | [0.88335101] |
+-------+--------------------+-------------------+-------------------------------------------+--------------+-------------+--------------+--------------+
neg_sampling_cpp time: 0.32s
train_cf_triples shape: (65641, 3)
KG Training: Epoch 0011 Total Iter 0081 | Total Time 12.6s | Iter Mean Loss 0.0407
+-------+--------------------+-------------------+------------------------------------------+--------------+--------------+--------------+--------------+
| Epoch |   training time    |    tesing time    |                   Loss                   |    recall    |     ndcg     |  precision   |  hit_ratio   |
+-------+--------------------+-------------------+------------------------------------------+--------------+--------------+--------------+--------------+
|   11  | 11.497313499450684 | 7.531286954879761 | [0.27080541827979027, 0.125906101279749] | [0.21168093] | [0.34481642] | [0.28154825] | [0.89395546] |
+-------+--------------------+-------------------+------------------------------------------+--------------+--------------+--------------+--------------+
###find better!
neg_sampling_cpp time: 0.32s
train_cf_triples shape: (65641, 3)
KG Training: Epoch 0012 Total Iter 0081 | Total Time 12.9s | Iter Mean Loss 0.0400
+-------+--------------------+-------------------+-------------------------------------------+-------------+--------------+--------------+--------------+
| Epoch |   training time    |    tesing time    |                    Loss                   |    recall   |     ndcg     |  precision   |  hit_ratio   |
+-------+--------------------+-------------------+-------------------------------------------+-------------+--------------+--------------+--------------+
|   12  | 11.059083461761475 | 6.271333694458008 | [0.2550309262675451, 0.12145201016949976] | [0.2099795] | [0.34401971] | [0.28038176] | [0.90031813] |
+-------+--------------------+-------------------+-------------------------------------------+-------------+--------------+--------------+--------------+
neg_sampling_cpp time: 0.32s
train_cf_triples shape: (65641, 3)
KG Training: Epoch 0013 Total Iter 0081 | Total Time 13.1s | Iter Mean Loss 0.0394
+-------+--------------------+--------------------+--------------------------------------------+-------------+-------------+--------------+--------------+
| Epoch |   training time    |    tesing time     |                    Loss                    |    recall   |     ndcg    |  precision   |  hit_ratio   |
+-------+--------------------+--------------------+--------------------------------------------+-------------+-------------+--------------+--------------+
|   13  | 11.175200939178467 | 6.0165488719940186 | [0.24299344654571117, 0.11938084277655428] | [0.2101774] | [0.3441082] | [0.28176034] | [0.89607635] |
+-------+--------------------+--------------------+--------------------------------------------+-------------+-------------+--------------+--------------+
neg_sampling_cpp time: 0.32s
train_cf_triples shape: (65641, 3)
KG Training: Epoch 0014 Total Iter 0081 | Total Time 13.0s | Iter Mean Loss 0.0388
+-------+------------------+-------------------+--------------------------------------------+--------------+--------------+--------------+--------------+
| Epoch |  training time   |    tesing time    |                    Loss                    |    recall    |     ndcg     |  precision   |  hit_ratio   |
+-------+------------------+-------------------+--------------------------------------------+--------------+--------------+--------------+--------------+
|   14  | 11.2902352809906 | 6.170622110366821 | [0.23325730282515647, 0.11675100485917242] | [0.21126478] | [0.34498924] | [0.28250265] | [0.89501591] |
+-------+------------------+-------------------+--------------------------------------------+--------------+--------------+--------------+--------------+
neg_sampling_cpp time: 0.33s
train_cf_triples shape: (65641, 3)
KG Training: Epoch 0015 Total Iter 0081 | Total Time 12.7s | Iter Mean Loss 0.0383
+-------+-------------------+--------------------+-----------------------------------------+--------------+--------------+--------------+--------------+
| Epoch |   training time   |    tesing time     |                   Loss                  |    recall    |     ndcg     |  precision   |  hit_ratio   |
+-------+-------------------+--------------------+-----------------------------------------+--------------+--------------+--------------+--------------+
|   15  | 11.08846139907837 | 6.3751537799835205 | [0.223118577291364, 0.1149020077688574] | [0.21292609] | [0.34914286] | [0.28610817] | [0.89925769] |
+-------+-------------------+--------------------+-----------------------------------------+--------------+--------------+--------------+--------------+
###find better!
neg_sampling_cpp time: 0.33s
train_cf_triples shape: (65641, 3)
KG Training: Epoch 0016 Total Iter 0081 | Total Time 12.6s | Iter Mean Loss 0.0377
+-------+--------------------+-------------------+--------------------------------------------+--------------+--------------+--------------+--------------+
| Epoch |   training time    |    tesing time    |                    Loss                    |    recall    |     ndcg     |  precision   |  hit_ratio   |
+-------+--------------------+-------------------+--------------------------------------------+--------------+--------------+--------------+--------------+
|   16  | 11.158102989196777 | 6.707742691040039 | [0.21363609405669606, 0.10917154072324094] | [0.21170716] | [0.34753276] | [0.28621421] | [0.89501591] |
+-------+--------------------+-------------------+--------------------------------------------+--------------+--------------+--------------+--------------+
neg_sampling_cpp time: 0.32s
train_cf_triples shape: (65641, 3)
KG Training: Epoch 0017 Total Iter 0081 | Total Time 13.0s | Iter Mean Loss 0.0372
+-------+--------------------+-------------------+--------------------------------------------+--------------+--------------+-------------+-------------+
| Epoch |   training time    |    tesing time    |                    Loss                    |    recall    |     ndcg     |  precision  |  hit_ratio  |
+-------+--------------------+-------------------+--------------------------------------------+--------------+--------------+-------------+-------------+
|   17  | 11.270636558532715 | 6.411066055297852 | [0.20500742446402648, 0.10757484179749982] | [0.21085263] | [0.34820913] | [0.2864263] | [0.8971368] |
+-------+--------------------+-------------------+--------------------------------------------+--------------+--------------+-------------+-------------+
neg_sampling_cpp time: 0.34s
train_cf_triples shape: (65641, 3)
KG Training: Epoch 0018 Total Iter 0081 | Total Time 12.7s | Iter Mean Loss 0.0369
+-------+--------------------+-------------------+--------------------------------------------+--------------+--------------+--------------+--------------+
| Epoch |   training time    |    tesing time    |                    Loss                    |    recall    |     ndcg     |  precision   |  hit_ratio   |
+-------+--------------------+-------------------+--------------------------------------------+--------------+--------------+--------------+--------------+
|   18  | 11.186571836471558 | 6.056777477264404 | [0.19843971374598202, 0.10696282339343782] | [0.21139864] | [0.34719307] | [0.28525981] | [0.89819724] |
+-------+--------------------+-------------------+--------------------------------------------+--------------+--------------+--------------+--------------+
neg_sampling_cpp time: 0.32s
train_cf_triples shape: (65641, 3)
KG Training: Epoch 0019 Total Iter 0081 | Total Time 13.1s | Iter Mean Loss 0.0365
+-------+--------------------+-------------------+--------------------------------------------+-------------+--------------+--------------+--------------+
| Epoch |   training time    |    tesing time    |                    Loss                    |    recall   |     ndcg     |  precision   |  hit_ratio   |
+-------+--------------------+-------------------+--------------------------------------------+-------------+--------------+--------------+--------------+
|   19  | 11.062973022460938 | 6.054517507553101 | [0.19169674558066072, 0.10295446263983052] | [0.2090825] | [0.34466283] | [0.28483563] | [0.89607635] |
+-------+--------------------+-------------------+--------------------------------------------+-------------+--------------+--------------+--------------+
neg_sampling_cpp time: 0.31s
train_cf_triples shape: (65641, 3)
KG Training: Epoch 0020 Total Iter 0081 | Total Time 12.7s | Iter Mean Loss 0.0355
+-------+--------------------+-------------------+--------------------------------------------+--------------+--------------+--------------+--------------+
| Epoch |   training time    |    tesing time    |                    Loss                    |    recall    |     ndcg     |  precision   |  hit_ratio   |
+-------+--------------------+-------------------+--------------------------------------------+--------------+--------------+--------------+--------------+
|   20  | 11.065788745880127 | 6.028690338134766 | [0.18540084917205596, 0.10072845065200176] | [0.20708714] | [0.34325242] | [0.28313892] | [0.89395546] |
+-------+--------------------+-------------------+--------------------------------------------+--------------+--------------+--------------+--------------+
neg_sampling_cpp time: 0.32s
train_cf_triples shape: (65641, 3)
KG Training: Epoch 0021 Total Iter 0081 | Total Time 12.7s | Iter Mean Loss 0.0350
+-------+--------------------+-------------------+--------------------------------------------+--------------+--------------+--------------+--------------+
| Epoch |   training time    |    tesing time    |                    Loss                    |    recall    |     ndcg     |  precision   |  hit_ratio   |
+-------+--------------------+-------------------+--------------------------------------------+--------------+--------------+--------------+--------------+
|   21  | 11.022103071212769 | 6.023061275482178 | [0.17747419545620002, 0.09821309375162904] | [0.20635901] | [0.33914011] | [0.28123012] | [0.89183457] |
+-------+--------------------+-------------------+--------------------------------------------+--------------+--------------+--------------+--------------+
neg_sampling_cpp time: 0.32s
train_cf_triples shape: (65641, 3)
KG Training: Epoch 0022 Total Iter 0081 | Total Time 12.7s | Iter Mean Loss 0.0343
+-------+--------------------+-------------------+--------------------------------------------+--------------+--------------+--------------+--------------+
| Epoch |   training time    |    tesing time    |                    Loss                    |    recall    |     ndcg     |  precision   |  hit_ratio   |
+-------+--------------------+-------------------+--------------------------------------------+--------------+--------------+--------------+--------------+
|   22  | 11.055310010910034 | 6.092729806900024 | [0.17352583983653455, 0.09682432241427179] | [0.20616359] | [0.34077682] | [0.28197243] | [0.88759279] |
+-------+--------------------+-------------------+--------------------------------------------+--------------+--------------+--------------+--------------+
neg_sampling_cpp time: 0.32s
train_cf_triples shape: (65641, 3)
KG Training: Epoch 0023 Total Iter 0081 | Total Time 12.6s | Iter Mean Loss 0.0334
+-------+--------------------+-------------------+-------------------------------------------+--------------+--------------+--------------+--------------+
| Epoch |   training time    |    tesing time    |                    Loss                   |    recall    |     ndcg     |  precision   |  hit_ratio   |
+-------+--------------------+-------------------+-------------------------------------------+--------------+--------------+--------------+--------------+
|   23  | 11.002874851226807 | 6.028599739074707 | [0.1681662067409785, 0.09461580499852534] | [0.20421831] | [0.33654522] | [0.28059385] | [0.88016967] |
+-------+--------------------+-------------------+-------------------------------------------+--------------+--------------+--------------+--------------+
neg_sampling_cpp time: 0.32s
train_cf_triples shape: (65641, 3)
KG Training: Epoch 0024 Total Iter 0081 | Total Time 12.6s | Iter Mean Loss 0.0335
+-------+--------------------+-------------------+-------------------------------------------+--------------+--------------+--------------+--------------+
| Epoch |   training time    |    tesing time    |                    Loss                   |    recall    |     ndcg     |  precision   |  hit_ratio   |
+-------+--------------------+-------------------+-------------------------------------------+--------------+--------------+--------------+--------------+
|   24  | 10.995039224624634 | 6.149680137634277 | [0.1621993205183427, 0.09428375321316748] | [0.20454907] | [0.33792208] | [0.27985154] | [0.88441145] |
+-------+--------------------+-------------------+-------------------------------------------+--------------+--------------+--------------+--------------+
neg_sampling_cpp time: 0.32s
train_cf_triples shape: (65641, 3)
KG Training: Epoch 0025 Total Iter 0081 | Total Time 12.7s | Iter Mean Loss 0.0328
+-------+--------------------+-------------------+--------------------------------------------+--------------+--------------+--------------+--------------+
| Epoch |   training time    |    tesing time    |                    Loss                    |    recall    |     ndcg     |  precision   |  hit_ratio   |
+-------+--------------------+-------------------+--------------------------------------------+--------------+--------------+--------------+--------------+
|   25  | 11.056665897369385 | 6.044384956359863 | [0.15984117173165696, 0.09298058251783524] | [0.20225135] | [0.33394419] | [0.27836691] | [0.88229056] |
+-------+--------------------+-------------------+--------------------------------------------+--------------+--------------+--------------+--------------+
early stopping at 25, recall@20:0.2129
