PID: 37756
Experiment Description: 
########## Model HPs ##########
tau: 0.2
cl_weight: 0.1
mu: 0.7
########## Model Parameters ##########
learning rate: 0.0010
context_hops: 2
node_dropout: 1
node_dropout_rate: 0.5
mess_dropout: 1
mess_dropout_rate: 0.1
all_embed: torch.Size([42296, 64])
interact_mat: torch.Size([2625, 2625])
edge_index: torch.Size([2, 332742])
edge_type: torch.Size([332742])
Pretraining RecVAE for 50 epochs...
RecVAE Epoch 0: Loss = 1522.0439
RecVAE Epoch 1: Loss = 1213.0276
RecVAE Epoch 2: Loss = 1132.2872
RecVAE Epoch 3: Loss = 1036.5168
RecVAE Epoch 4: Loss = 962.1195
RecVAE Epoch 5: Loss = 889.6508
RecVAE Epoch 6: Loss = 830.5769
RecVAE Epoch 7: Loss = 781.7672
RecVAE Epoch 8: Loss = 739.0693
RecVAE Epoch 9: Loss = 702.3972
RecVAE Epoch 10: Loss = 667.1346
RecVAE Epoch 11: Loss = 637.9659
RecVAE Epoch 12: Loss = 617.4680
RecVAE Epoch 13: Loss = 602.1331
RecVAE Epoch 14: Loss = 590.4305
RecVAE Epoch 15: Loss = 580.9421
RecVAE Epoch 16: Loss = 574.2316
RecVAE Epoch 17: Loss = 567.9929
RecVAE Epoch 18: Loss = 563.2607
RecVAE Epoch 19: Loss = 560.7294
RecVAE Epoch 20: Loss = 558.3828
RecVAE Epoch 21: Loss = 556.4163
RecVAE Epoch 22: Loss = 554.0604
RecVAE Epoch 23: Loss = 551.7667
RecVAE Epoch 24: Loss = 550.0529
RecVAE Epoch 25: Loss = 547.2368
RecVAE Epoch 26: Loss = 545.3625
RecVAE Epoch 27: Loss = 542.8661
RecVAE Epoch 28: Loss = 541.1537
RecVAE Epoch 29: Loss = 539.6544
RecVAE Epoch 30: Loss = 538.2479
RecVAE Epoch 31: Loss = 537.3430
RecVAE Epoch 32: Loss = 536.1504
RecVAE Epoch 33: Loss = 534.3723
RecVAE Epoch 34: Loss = 534.1105
RecVAE Epoch 35: Loss = 532.5777
RecVAE Epoch 36: Loss = 531.6236
RecVAE Epoch 37: Loss = 531.0721
RecVAE Epoch 38: Loss = 530.5222
RecVAE Epoch 39: Loss = 530.3497
RecVAE Epoch 40: Loss = 529.2646
RecVAE Epoch 41: Loss = 528.9261
RecVAE Epoch 42: Loss = 528.4635
RecVAE Epoch 43: Loss = 527.5961
RecVAE Epoch 44: Loss = 527.2534
RecVAE Epoch 45: Loss = 527.0418
RecVAE Epoch 46: Loss = 526.2562
RecVAE Epoch 47: Loss = 525.8922
RecVAE Epoch 48: Loss = 525.4803
RecVAE Epoch 49: Loss = 525.5800
RecVAE pretraining complete. Updated KGCL user embeddings.
Starting KGCL training...
Negative sampling time: 0.13s
train_cf_triples shape: (65641, 3)
Epoch 0000 | CF Time: 9.4s | KG Time: 3.7s | Mean KG Loss: 0.6890

+-------+---------+---------+--------------+--------------+--------------+--------------+
| Epoch | CF Time | KG Time |    Recall    |     NDCG     |  Precision   |  Hit Ratio   |
+-------+---------+---------+--------------+--------------+--------------+--------------+
|   0   |   9.4   |   3.7   | [0.23161364] | [0.26183445] | [0.18573701] | [0.85896076] |
+-------+---------+---------+--------------+--------------+--------------+--------------+
### Found better model at epoch 0
Negative sampling time: 0.13s
train_cf_triples shape: (65641, 3)
Epoch 0001 | CF Time: 9.6s | KG Time: 3.8s | Mean KG Loss: 0.6827

+-------+---------+---------+--------------+--------------+--------------+--------------+
| Epoch | CF Time | KG Time |    Recall    |     NDCG     |  Precision   |  Hit Ratio   |
+-------+---------+---------+--------------+--------------+--------------+--------------+
|   1   |   9.6   |   3.8   | [0.25531263] | [0.28766051] | [0.18637328] | [0.89501591] |
+-------+---------+---------+--------------+--------------+--------------+--------------+
### Found better model at epoch 1
Negative sampling time: 0.12s
train_cf_triples shape: (65641, 3)
Epoch 0002 | CF Time: 9.6s | KG Time: 3.8s | Mean KG Loss: 0.6755

+-------+---------+---------+--------------+------------+--------------+--------------+
| Epoch | CF Time | KG Time |    Recall    |    NDCG    |  Precision   |  Hit Ratio   |
+-------+---------+---------+--------------+------------+--------------+--------------+
|   2   |   9.6   |   3.8   | [0.28457109] | [0.311242] | [0.20487805] | [0.91410392] |
+-------+---------+---------+--------------+------------+--------------+--------------+
### Found better model at epoch 2
Negative sampling time: 0.13s
train_cf_triples shape: (65641, 3)
Epoch 0003 | CF Time: 9.5s | KG Time: 3.8s | Mean KG Loss: 0.6678

+-------+---------+---------+-------------+--------------+--------------+--------------+
| Epoch | CF Time | KG Time |    Recall   |     NDCG     |  Precision   |  Hit Ratio   |
+-------+---------+---------+-------------+--------------+--------------+--------------+
|   3   |   9.5   |   3.8   | [0.3097423] | [0.33860421] | [0.22184517] | [0.92364793] |
+-------+---------+---------+-------------+--------------+--------------+--------------+
### Found better model at epoch 3
Negative sampling time: 0.11s
train_cf_triples shape: (65641, 3)
Epoch 0004 | CF Time: 9.6s | KG Time: 3.8s | Mean KG Loss: 0.6603

+-------+---------+---------+--------------+-------------+--------------+--------------+
| Epoch | CF Time | KG Time |    Recall    |     NDCG    |  Precision   |  Hit Ratio   |
+-------+---------+---------+--------------+-------------+--------------+--------------+
|   4   |   9.6   |   3.8   | [0.30782701] | [0.3402612] | [0.22348887] | [0.93849417] |
+-------+---------+---------+--------------+-------------+--------------+--------------+
Negative sampling time: 0.13s
train_cf_triples shape: (65641, 3)
Epoch 0005 | CF Time: 9.6s | KG Time: 3.8s | Mean KG Loss: 0.6526

+-------+---------+---------+--------------+--------------+--------------+--------------+
| Epoch | CF Time | KG Time |    Recall    |     NDCG     |  Precision   |  Hit Ratio   |
+-------+---------+---------+--------------+--------------+--------------+--------------+
|   5   |   9.6   |   3.8   | [0.31426219] | [0.34568005] | [0.22640509] | [0.94061506] |
+-------+---------+---------+--------------+--------------+--------------+--------------+
### Found better model at epoch 5
Negative sampling time: 0.12s
train_cf_triples shape: (65641, 3)
Epoch 0006 | CF Time: 9.6s | KG Time: 3.8s | Mean KG Loss: 0.6450

+-------+---------+---------+--------------+--------------+--------------+--------------+
| Epoch | CF Time | KG Time |    Recall    |     NDCG     |  Precision   |  Hit Ratio   |
+-------+---------+---------+--------------+--------------+--------------+--------------+
|   6   |   9.6   |   3.8   | [0.32037605] | [0.35161602] | [0.23170732] | [0.93425239] |
+-------+---------+---------+--------------+--------------+--------------+--------------+
### Found better model at epoch 6
Negative sampling time: 0.12s
train_cf_triples shape: (65641, 3)
Epoch 0007 | CF Time: 9.5s | KG Time: 3.8s | Mean KG Loss: 0.6375

+-------+---------+---------+--------------+--------------+--------------+--------------+
| Epoch | CF Time | KG Time |    Recall    |     NDCG     |  Precision   |  Hit Ratio   |
+-------+---------+---------+--------------+--------------+--------------+--------------+
|   7   |   9.5   |   3.8   | [0.32310668] | [0.35489616] | [0.23313892] | [0.93637328] |
+-------+---------+---------+--------------+--------------+--------------+--------------+
### Found better model at epoch 7
Negative sampling time: 0.11s
train_cf_triples shape: (65641, 3)
Epoch 0008 | CF Time: 9.5s | KG Time: 3.8s | Mean KG Loss: 0.6304

+-------+---------+---------+-------------+--------------+--------------+--------------+
| Epoch | CF Time | KG Time |    Recall   |     NDCG     |  Precision   |  Hit Ratio   |
+-------+---------+---------+-------------+--------------+--------------+--------------+
|   8   |   9.5   |   3.8   | [0.3265604] | [0.35795087] | [0.23775186] | [0.93849417] |
+-------+---------+---------+-------------+--------------+--------------+--------------+
### Found better model at epoch 8
Negative sampling time: 0.12s
train_cf_triples shape: (65641, 3)
Epoch 0009 | CF Time: 9.5s | KG Time: 3.8s | Mean KG Loss: 0.6239

+-------+---------+---------+--------------+--------------+--------------+-------------+
| Epoch | CF Time | KG Time |    Recall    |     NDCG     |  Precision   |  Hit Ratio  |
+-------+---------+---------+--------------+--------------+--------------+-------------+
|   9   |   9.5   |   3.8   | [0.32713712] | [0.35418511] | [0.23552492] | [0.9321315] |
+-------+---------+---------+--------------+--------------+--------------+-------------+
### Found better model at epoch 9
Negative sampling time: 0.11s
train_cf_triples shape: (65641, 3)
Epoch 0010 | CF Time: 9.6s | KG Time: 3.8s | Mean KG Loss: 0.6180

+-------+---------+---------+--------------+--------------+--------------+--------------+
| Epoch | CF Time | KG Time |    Recall    |     NDCG     |  Precision   |  Hit Ratio   |
+-------+---------+---------+--------------+--------------+--------------+--------------+
|   10  |   9.6   |   3.8   | [0.32252353] | [0.35143058] | [0.23366914] | [0.93849417] |
+-------+---------+---------+--------------+--------------+--------------+--------------+
Negative sampling time: 0.12s
train_cf_triples shape: (65641, 3)
Epoch 0011 | CF Time: 9.5s | KG Time: 3.8s | Mean KG Loss: 0.6120

+-------+---------+---------+--------------+--------------+--------------+-------------+
| Epoch | CF Time | KG Time |    Recall    |     NDCG     |  Precision   |  Hit Ratio  |
+-------+---------+---------+--------------+--------------+--------------+-------------+
|   11  |   9.5   |   3.8   | [0.32046953] | [0.35177251] | [0.23239661] | [0.9321315] |
+-------+---------+---------+--------------+--------------+--------------+-------------+
Negative sampling time: 0.11s
train_cf_triples shape: (65641, 3)
Epoch 0012 | CF Time: 9.6s | KG Time: 3.8s | Mean KG Loss: 0.6057

+-------+---------+---------+--------------+--------------+--------------+--------------+
| Epoch | CF Time | KG Time |    Recall    |     NDCG     |  Precision   |  Hit Ratio   |
+-------+---------+---------+--------------+--------------+--------------+--------------+
|   12  |   9.6   |   3.8   | [0.31650803] | [0.34805662] | [0.23117709] | [0.93531283] |
+-------+---------+---------+--------------+--------------+--------------+--------------+
Negative sampling time: 0.12s
train_cf_triples shape: (65641, 3)
Epoch 0013 | CF Time: 9.6s | KG Time: 3.8s | Mean KG Loss: 0.6001

+-------+---------+---------+--------------+--------------+--------------+--------------+
| Epoch | CF Time | KG Time |    Recall    |     NDCG     |  Precision   |  Hit Ratio   |
+-------+---------+---------+--------------+--------------+--------------+--------------+
|   13  |   9.6   |   3.8   | [0.31892214] | [0.34748358] | [0.23075292] | [0.93955461] |
+-------+---------+---------+--------------+--------------+--------------+--------------+
Negative sampling time: 0.11s
train_cf_triples shape: (65641, 3)
Epoch 0014 | CF Time: 9.4s | KG Time: 3.8s | Mean KG Loss: 0.5925

+-------+---------+---------+--------------+--------------+--------------+--------------+
| Epoch | CF Time | KG Time |    Recall    |     NDCG     |  Precision   |  Hit Ratio   |
+-------+---------+---------+--------------+--------------+--------------+--------------+
|   14  |   9.4   |   3.8   | [0.31773052] | [0.34645892] | [0.23128314] | [0.93319194] |
+-------+---------+---------+--------------+--------------+--------------+--------------+
Negative sampling time: 0.13s
train_cf_triples shape: (65641, 3)
Epoch 0015 | CF Time: 9.4s | KG Time: 3.8s | Mean KG Loss: 0.5852

+-------+---------+---------+--------------+--------------+--------------+--------------+
| Epoch | CF Time | KG Time |    Recall    |     NDCG     |  Precision   |  Hit Ratio   |
+-------+---------+---------+--------------+--------------+--------------+--------------+
|   15  |   9.4   |   3.8   | [0.31812816] | [0.34470719] | [0.22985154] | [0.94379639] |
+-------+---------+---------+--------------+--------------+--------------+--------------+
Negative sampling time: 0.13s
train_cf_triples shape: (65641, 3)
Epoch 0016 | CF Time: 9.5s | KG Time: 3.8s | Mean KG Loss: 0.5779

+-------+---------+---------+--------------+--------------+--------------+--------------+
| Epoch | CF Time | KG Time |    Recall    |     NDCG     |  Precision   |  Hit Ratio   |
+-------+---------+---------+--------------+--------------+--------------+--------------+
|   16  |   9.5   |   3.8   | [0.31339399] | [0.33965975] | [0.22672322] | [0.94379639] |
+-------+---------+---------+--------------+--------------+--------------+--------------+
Negative sampling time: 0.11s
train_cf_triples shape: (65641, 3)
Epoch 0017 | CF Time: 9.5s | KG Time: 3.8s | Mean KG Loss: 0.5696

+-------+---------+---------+--------------+--------------+--------------+--------------+
| Epoch | CF Time | KG Time |    Recall    |     NDCG     |  Precision   |  Hit Ratio   |
+-------+---------+---------+--------------+--------------+--------------+--------------+
|   17  |   9.5   |   3.8   | [0.30983339] | [0.33594255] | [0.22449629] | [0.93425239] |
+-------+---------+---------+--------------+--------------+--------------+--------------+
Negative sampling time: 0.12s
train_cf_triples shape: (65641, 3)
Epoch 0018 | CF Time: 9.5s | KG Time: 3.8s | Mean KG Loss: 0.5615

+-------+---------+---------+--------------+-------------+--------------+--------------+
| Epoch | CF Time | KG Time |    Recall    |     NDCG    |  Precision   |  Hit Ratio   |
+-------+---------+---------+--------------+-------------+--------------+--------------+
|   18  |   9.5   |   3.8   | [0.30836972] | [0.3340904] | [0.22412513] | [0.93425239] |
+-------+---------+---------+--------------+-------------+--------------+--------------+
Negative sampling time: 0.12s
train_cf_triples shape: (65641, 3)
Epoch 0019 | CF Time: 9.6s | KG Time: 3.8s | Mean KG Loss: 0.5528

+-------+---------+---------+--------------+--------------+--------------+--------------+
| Epoch | CF Time | KG Time |    Recall    |     NDCG     |  Precision   |  Hit Ratio   |
+-------+---------+---------+--------------+--------------+--------------+--------------+
|   19  |   9.6   |   3.8   | [0.30424703] | [0.33143751] | [0.22041357] | [0.93637328] |
+-------+---------+---------+--------------+--------------+--------------+--------------+
Early stopping triggered at epoch 19
Training complete. Early stopping at epoch 19, recall@20: 0.3271
