PID: 19164
DESC: 

########## Model HPs ##########
tau: 0.1
cl_weight: 0.1
mu: 0.5
########## Model Parameters ##########
learning rate: 0.0010
context_hops: 2
node_dropout: 1
node_dropout_rate: 0.5
mess_dropout: 1
mess_dropout_rate: 0.1
all_embed: torch.Size([42296, 64])
interact_mat: torch.Size([2625, 2625])
edge_index: torch.Size([2, 332742])
edge_type: torch.Size([332742])
start training ...
neg_sampling_cpp time: 0.12s
train_cf_triples shape: (65641, 3)
KG Training: Epoch 0000 Total Iter 0081 | Total Time 3.8s | Iter Mean Loss 0.5664
+-------+------------------+--------------------+-------------------------------------------+-------------+--------------+--------------+--------------+
| Epoch |  training time   |    tesing time     |                    Loss                   |    recall   |     ndcg     |  precision   |  hit_ratio   |
+-------+------------------+--------------------+-------------------------------------------+-------------+--------------+--------------+--------------+
|   0   | 9.40827202796936 | 2.6136221885681152 | [0.6339814225948245, 0.10058394021909892] | [0.1092538] | [0.19651274] | [0.16542948] | [0.72004242] |
+-------+------------------+--------------------+-------------------------------------------+-------------+--------------+--------------+--------------+
###find better!
neg_sampling_cpp time: 0.12s
train_cf_triples shape: (65641, 3)
KG Training: Epoch 0001 Total Iter 0081 | Total Time 3.8s | Iter Mean Loss 0.2417
+-------+-------------------+-------------------+-------------------------------------------+--------------+--------------+--------------+--------------+
| Epoch |   training time   |    tesing time    |                    Loss                   |    recall    |     ndcg     |  precision   |  hit_ratio   |
+-------+-------------------+-------------------+-------------------------------------------+--------------+--------------+--------------+--------------+
|   1   | 9.496994495391846 | 2.863643169403076 | [0.5414351390689209, 0.42435312941614806] | [0.14638965] | [0.25528492] | [0.20371156] | [0.80805938] |
+-------+-------------------+-------------------+-------------------------------------------+--------------+--------------+--------------+--------------+
###find better!
neg_sampling_cpp time: 0.12s
train_cf_triples shape: (65641, 3)
KG Training: Epoch 0002 Total Iter 0081 | Total Time 3.8s | Iter Mean Loss 0.0950
+-------+-------------------+--------------------+-------------------------------------------+--------------+--------------+--------------+--------------+
| Epoch |   training time   |    tesing time     |                    Loss                   |    recall    |     ndcg     |  precision   |  hit_ratio   |
+-------+-------------------+--------------------+-------------------------------------------+--------------+--------------+--------------+--------------+
|   2   | 9.338512182235718 | 2.5339107513427734 | [0.5166131277606364, 0.15622229656090994] | [0.16053049] | [0.27289248] | [0.21813362] | [0.83138918] |
+-------+-------------------+--------------------+-------------------------------------------+--------------+--------------+--------------+--------------+
###find better!
neg_sampling_cpp time: 0.14s
train_cf_triples shape: (65641, 3)
KG Training: Epoch 0003 Total Iter 0081 | Total Time 3.8s | Iter Mean Loss 0.0629
+-------+-------------------+--------------------+--------------------------------------------+--------------+--------------+--------------+--------------+
| Epoch |   training time   |    tesing time     |                    Loss                    |    recall    |     ndcg     |  precision   |  hit_ratio   |
+-------+-------------------+--------------------+--------------------------------------------+--------------+--------------+--------------+--------------+
|   3   | 9.560516834259033 | 2.5140910148620605 | [0.47344416197321776, 0.16792473706075886] | [0.17699288] | [0.29332398] | [0.23828208] | [0.84093319] |
+-------+-------------------+--------------------+--------------------------------------------+--------------+--------------+--------------+--------------+
###find better!
neg_sampling_cpp time: 0.12s
train_cf_triples shape: (65641, 3)
KG Training: Epoch 0004 Total Iter 0081 | Total Time 3.8s | Iter Mean Loss 0.0524
+-------+-------------------+-------------------+-------------------------------------------+--------------+--------------+--------------+--------------+
| Epoch |   training time   |    tesing time    |                    Loss                   |    recall    |     ndcg     |  precision   |  hit_ratio   |
+-------+-------------------+-------------------+-------------------------------------------+--------------+--------------+--------------+--------------+
|   4   | 9.509414196014404 | 2.547239303588867 | [0.4406659054844425, 0.15815460411501006] | [0.18303645] | [0.30386092] | [0.24591729] | [0.85683987] |
+-------+-------------------+-------------------+-------------------------------------------+--------------+--------------+--------------+--------------+
###find better!
neg_sampling_cpp time: 0.13s
train_cf_triples shape: (65641, 3)
KG Training: Epoch 0005 Total Iter 0081 | Total Time 3.8s | Iter Mean Loss 0.0486
+-------+-------------------+-------------------+-------------------------------------------+--------------+--------------+--------------+--------------+
| Epoch |   training time   |    tesing time    |                    Loss                   |    recall    |     ndcg     |  precision   |  hit_ratio   |
+-------+-------------------+-------------------+-------------------------------------------+--------------+--------------+--------------+--------------+
|   5   | 9.383765935897827 | 2.523439884185791 | [0.4055257011445304, 0.15006766140064157] | [0.19722784] | [0.32162257] | [0.26341463] | [0.88123012] |
+-------+-------------------+-------------------+-------------------------------------------+--------------+--------------+--------------+--------------+
###find better!
neg_sampling_cpp time: 0.12s
train_cf_triples shape: (65641, 3)
KG Training: Epoch 0006 Total Iter 0081 | Total Time 3.8s | Iter Mean Loss 0.0463
+-------+-------------------+--------------------+--------------------------------------------+--------------+--------------+--------------+--------------+
| Epoch |   training time   |    tesing time     |                    Loss                    |    recall    |     ndcg     |  precision   |  hit_ratio   |
+-------+-------------------+--------------------+--------------------------------------------+--------------+--------------+--------------+--------------+
|   6   | 9.409024238586426 | 2.5469110012054443 | [0.37334835144136874, 0.14970714243475963] | [0.19842783] | [0.32811468] | [0.26680806] | [0.88016967] |
+-------+-------------------+--------------------+--------------------------------------------+--------------+--------------+--------------+--------------+
###find better!
neg_sampling_cpp time: 0.13s
train_cf_triples shape: (65641, 3)
KG Training: Epoch 0007 Total Iter 0081 | Total Time 3.8s | Iter Mean Loss 0.0441
+-------+-------------------+--------------------+--------------------------------------------+--------------+--------------+--------------+--------------+
| Epoch |   training time   |    tesing time     |                    Loss                    |    recall    |     ndcg     |  precision   |  hit_ratio   |
+-------+-------------------+--------------------+--------------------------------------------+--------------+--------------+--------------+--------------+
|   7   | 9.467381000518799 | 2.5476624965667725 | [0.34638360455391365, 0.14101635466306103] | [0.19839335] | [0.32594351] | [0.26383881] | [0.87486744] |
+-------+-------------------+--------------------+--------------------------------------------+--------------+--------------+--------------+--------------+
neg_sampling_cpp time: 0.13s
train_cf_triples shape: (65641, 3)
KG Training: Epoch 0008 Total Iter 0081 | Total Time 3.8s | Iter Mean Loss 0.0428
+-------+-------------------+-------------------+-------------------------------------------+--------------+--------------+--------------+--------------+
| Epoch |   training time   |    tesing time    |                    Loss                   |    recall    |     ndcg     |  precision   |  hit_ratio   |
+-------+-------------------+-------------------+-------------------------------------------+--------------+--------------+--------------+--------------+
|   8   | 9.349722623825073 | 2.528916835784912 | [0.3242655549947466, 0.14044420911760147] | [0.20477791] | [0.33452337] | [0.27486744] | [0.88229056] |
+-------+-------------------+-------------------+-------------------------------------------+--------------+--------------+--------------+--------------+
###find better!
neg_sampling_cpp time: 0.13s
train_cf_triples shape: (65641, 3)
KG Training: Epoch 0009 Total Iter 0081 | Total Time 3.8s | Iter Mean Loss 0.0423
+-------+-------------------+--------------------+-------------------------------------------+--------------+--------------+--------------+--------------+
| Epoch |   training time   |    tesing time     |                    Loss                   |    recall    |     ndcg     |  precision   |  hit_ratio   |
+-------+-------------------+--------------------+-------------------------------------------+--------------+--------------+--------------+--------------+
|   9   | 9.525419473648071 | 2.5585849285125732 | [0.3046807568523769, 0.13325634023897354] | [0.20733394] | [0.33963454] | [0.28027572] | [0.87910923] |
+-------+-------------------+--------------------+-------------------------------------------+--------------+--------------+--------------+--------------+
###find better!
neg_sampling_cpp time: 0.13s
train_cf_triples shape: (65641, 3)
KG Training: Epoch 0010 Total Iter 0081 | Total Time 3.8s | Iter Mean Loss 0.0415
+-------+-------------------+--------------------+-------------------------------------------+--------------+--------------+--------------+--------------+
| Epoch |   training time   |    tesing time     |                    Loss                   |    recall    |     ndcg     |  precision   |  hit_ratio   |
+-------+-------------------+--------------------+-------------------------------------------+--------------+--------------+--------------+--------------+
|   10  | 9.574936628341675 | 2.5376744270324707 | [0.2872169157448278, 0.12923627498226475] | [0.21163521] | [0.34567402] | [0.28494168] | [0.88865323] |
+-------+-------------------+--------------------+-------------------------------------------+--------------+--------------+--------------+--------------+
###find better!
neg_sampling_cpp time: 0.12s
train_cf_triples shape: (65641, 3)
KG Training: Epoch 0011 Total Iter 0081 | Total Time 3.8s | Iter Mean Loss 0.0407
+-------+-------------------+-------------------+-------------------------------------------+--------------+--------------+--------------+--------------+
| Epoch |   training time   |    tesing time    |                    Loss                   |    recall    |     ndcg     |  precision   |  hit_ratio   |
+-------+-------------------+-------------------+-------------------------------------------+--------------+--------------+--------------+--------------+
|   11  | 9.493505477905273 | 2.549531936645508 | [0.2706549594738687, 0.12567638143198093] | [0.20758163] | [0.34222109] | [0.28080594] | [0.88865323] |
+-------+-------------------+-------------------+-------------------------------------------+--------------+--------------+--------------+--------------+
neg_sampling_cpp time: 0.14s
train_cf_triples shape: (65641, 3)
KG Training: Epoch 0012 Total Iter 0081 | Total Time 3.8s | Iter Mean Loss 0.0401
+-------+-------------------+--------------------+-------------------------------------------+--------------+--------------+--------------+--------------+
| Epoch |   training time   |    tesing time     |                    Loss                   |    recall    |     ndcg     |  precision   |  hit_ratio   |
+-------+-------------------+--------------------+-------------------------------------------+--------------+--------------+--------------+--------------+
|   12  | 9.456073760986328 | 2.5619542598724365 | [0.2556270983444305, 0.12135543017774506] | [0.20754614] | [0.34356866] | [0.27974549] | [0.89077413] |
+-------+-------------------+--------------------+-------------------------------------------+--------------+--------------+--------------+--------------+
neg_sampling_cpp time: 0.13s
train_cf_triples shape: (65641, 3)
KG Training: Epoch 0013 Total Iter 0081 | Total Time 3.8s | Iter Mean Loss 0.0396
+-------+-------------------+-------------------+--------------------------------------------+--------------+--------------+--------------+--------------+
| Epoch |   training time   |    tesing time    |                    Loss                    |    recall    |     ndcg     |  precision   |  hit_ratio   |
+-------+-------------------+-------------------+--------------------------------------------+--------------+--------------+--------------+--------------+
|   13  | 9.420406579971313 | 2.512702465057373 | [0.24307473625031661, 0.11910643806910233] | [0.20663039] | [0.34201717] | [0.27921527] | [0.88865323] |
+-------+-------------------+-------------------+--------------------------------------------+--------------+--------------+--------------+--------------+
neg_sampling_cpp time: 0.13s
train_cf_triples shape: (65641, 3)
KG Training: Epoch 0014 Total Iter 0081 | Total Time 3.8s | Iter Mean Loss 0.0390
+-------+------------------+-------------------+-------------------------------------------+--------------+--------------+--------------+--------------+
| Epoch |  training time   |    tesing time    |                    Loss                   |    recall    |     ndcg     |  precision   |  hit_ratio   |
+-------+------------------+-------------------+-------------------------------------------+--------------+--------------+--------------+--------------+
|   14  | 9.34239411354065 | 2.528961420059204 | [0.2326885824351247, 0.11573014047438193] | [0.20879993] | [0.34711827] | [0.28409332] | [0.88759279] |
+-------+------------------+-------------------+-------------------------------------------+--------------+--------------+--------------+--------------+
neg_sampling_cpp time: 0.13s
train_cf_triples shape: (65641, 3)
KG Training: Epoch 0015 Total Iter 0081 | Total Time 3.8s | Iter Mean Loss 0.0385
+-------+------------------+--------------------+-------------------------------------------+--------------+--------------+--------------+--------------+
| Epoch |  training time   |    tesing time     |                    Loss                   |    recall    |     ndcg     |  precision   |  hit_ratio   |
+-------+------------------+--------------------+-------------------------------------------+--------------+--------------+--------------+--------------+
|   15  | 9.31735873222351 | 2.5526819229125977 | [0.22371014669578185, 0.1144844640156855] | [0.21052568] | [0.34562527] | [0.28409332] | [0.88971368] |
+-------+------------------+--------------------+-------------------------------------------+--------------+--------------+--------------+--------------+
neg_sampling_cpp time: 0.12s
train_cf_triples shape: (65641, 3)
KG Training: Epoch 0016 Total Iter 0081 | Total Time 3.8s | Iter Mean Loss 0.0380
+-------+-------------------+------------------+--------------------------------------------+--------------+--------------+--------------+--------------+
| Epoch |   training time   |   tesing time    |                    Loss                    |    recall    |     ndcg     |  precision   |  hit_ratio   |
+-------+-------------------+------------------+--------------------------------------------+--------------+--------------+--------------+--------------+
|   16  | 9.383254051208496 | 2.54821515083313 | [0.21299701763375134, 0.10959036090441879] | [0.20773707] | [0.34291839] | [0.28239661] | [0.87486744] |
+-------+-------------------+------------------+--------------------------------------------+--------------+--------------+--------------+--------------+
neg_sampling_cpp time: 0.12s
train_cf_triples shape: (65641, 3)
KG Training: Epoch 0017 Total Iter 0081 | Total Time 3.8s | Iter Mean Loss 0.0376
+-------+-------------------+--------------------+--------------------------------------------+--------------+-------------+--------------+--------------+
| Epoch |   training time   |    tesing time     |                    Loss                    |    recall    |     ndcg    |  precision   |  hit_ratio   |
+-------+-------------------+--------------------+--------------------------------------------+--------------+-------------+--------------+--------------+
|   17  | 9.494797229766846 | 2.5455052852630615 | [0.20521826940288843, 0.10703669535670798] | [0.21075623] | [0.3507922] | [0.28472959] | [0.88229056] |
+-------+-------------------+--------------------+--------------------------------------------+--------------+-------------+--------------+--------------+
neg_sampling_cpp time: 0.12s
train_cf_triples shape: (65641, 3)
KG Training: Epoch 0018 Total Iter 0081 | Total Time 3.8s | Iter Mean Loss 0.0374
+-------+------------------+--------------------+--------------------------------------------+--------------+--------------+-------------+--------------+
| Epoch |  training time   |    tesing time     |                    Loss                    |    recall    |     ndcg     |  precision  |  hit_ratio   |
+-------+------------------+--------------------+--------------------------------------------+--------------+--------------+-------------+--------------+
|   18  | 9.51550006866455 | 2.5622177124023438 | [0.19757774337801326, 0.10588218400832901] | [0.20743551] | [0.34712802] | [0.2835631] | [0.87910923] |
+-------+------------------+--------------------+--------------------------------------------+--------------+--------------+-------------+--------------+
neg_sampling_cpp time: 0.13s
train_cf_triples shape: (65641, 3)
KG Training: Epoch 0019 Total Iter 0081 | Total Time 3.8s | Iter Mean Loss 0.0369
+-------+------------------+-------------------+-------------------------------------------+--------------+--------------+--------------+------------+
| Epoch |  training time   |    tesing time    |                    Loss                   |    recall    |     ndcg     |  precision   | hit_ratio  |
+-------+------------------+-------------------+-------------------------------------------+--------------+--------------+--------------+------------+
|   19  | 9.47554063796997 | 2.512382984161377 | [0.1912278513449935, 0.10313936942721437] | [0.20487213] | [0.34387822] | [0.28069989] | [0.873807] |
+-------+------------------+-------------------+-------------------------------------------+--------------+--------------+--------------+------------+
neg_sampling_cpp time: 0.13s
train_cf_triples shape: (65641, 3)
KG Training: Epoch 0020 Total Iter 0081 | Total Time 3.8s | Iter Mean Loss 0.0360
+-------+-------------------+--------------------+----------------------------------------+--------------+--------------+--------------+--------------+
| Epoch |   training time   |    tesing time     |                  Loss                  |    recall    |     ndcg     |  precision   |  hit_ratio   |
+-------+-------------------+--------------------+----------------------------------------+--------------+--------------+--------------+--------------+
|   20  | 9.412761688232422 | 2.5493593215942383 | [0.185538449319886, 0.100379384553214] | [0.20324769] | [0.34162814] | [0.27900318] | [0.87592789] |
+-------+-------------------+--------------------+----------------------------------------+--------------+--------------+--------------+--------------+
early stopping at 20, recall@20:0.2116
