PID: 8476
DESC: 

########## Model HPs ##########
tau: 0.1
cl_weight: 0.1
mu: 0.5
########## Model Parameters ##########
learning rate: 0.0010
context_hops: 2
node_dropout: 1
node_dropout_rate: 0.5
mess_dropout: 1
mess_dropout_rate: 0.1
all_embed: torch.Size([85438, 64])
interact_mat: torch.Size([9746, 9746])
edge_index: torch.Size([2, 764610])
edge_type: torch.Size([764610])
start training ...
neg_sampling_cpp time: 1.72s
train_cf_triples shape: (666764, 3)
KG Training: Epoch 0000 Total Iter 0186 | Total Time 10.4s | Iter Mean Loss 0.3876
+-------+--------------------+-------------------+------------------------------------------+--------------+--------------+-------------+--------------+
| Epoch |   training time    |    tesing time    |                   Loss                   |    recall    |     ndcg     |  precision  |  hit_ratio   |
+-------+--------------------+-------------------+------------------------------------------+--------------+--------------+-------------+--------------+
|   0   | 225.01342868804932 | 7.036994695663452 | [0.4852317489533493, 0.1561127230529933] | [0.08347715] | [0.21529824] | [0.1880775] | [0.71385991] |
+-------+--------------------+-------------------+------------------------------------------+--------------+--------------+-------------+--------------+
###find better!
neg_sampling_cpp time: 1.76s
train_cf_triples shape: (666764, 3)
KG Training: Epoch 0001 Total Iter 0186 | Total Time 10.5s | Iter Mean Loss 0.1209
+-------+--------------------+-------------------+--------------------------------------------+--------------+--------------+--------------+--------------+
| Epoch |   training time    |    tesing time    |                    Loss                    |    recall    |     ndcg     |  precision   |  hit_ratio   |
+-------+--------------------+-------------------+--------------------------------------------+--------------+--------------+--------------+--------------+
|   1   | 223.84963750839233 | 6.787415981292725 | [0.38706300233620505, 0.19026875366754306] | [0.11575081] | [0.28460834] | [0.24131479] | [0.81420765] |
+-------+--------------------+-------------------+--------------------------------------------+--------------+--------------+--------------+--------------+
###find better!
neg_sampling_cpp time: 1.75s
train_cf_triples shape: (666764, 3)
KG Training: Epoch 0002 Total Iter 0186 | Total Time 10.5s | Iter Mean Loss 0.0652
+-------+--------------------+--------------------+--------------------------------------------+--------------+--------------+--------------+--------------+
| Epoch |   training time    |    tesing time     |                    Loss                    |    recall    |     ndcg     |  precision   |  hit_ratio   |
+-------+--------------------+--------------------+--------------------------------------------+--------------+--------------+--------------+--------------+
|   2   | 223.94992756843567 | 6.8282248973846436 | [0.30546702517400454, 0.17878393222912217] | [0.13957788] | [0.32783165] | [0.28022851] | [0.85858586] |
+-------+--------------------+--------------------+--------------------------------------------+--------------+--------------+--------------+--------------+
###find better!
neg_sampling_cpp time: 1.75s
train_cf_triples shape: (666764, 3)
KG Training: Epoch 0003 Total Iter 0186 | Total Time 10.5s | Iter Mean Loss 0.0533
+-------+--------------------+-------------------+------------------------------------------+--------------+--------------+-------------+--------------+
| Epoch |   training time    |    tesing time    |                   Loss                   |    recall    |     ndcg     |  precision  |  hit_ratio   |
+-------+--------------------+-------------------+------------------------------------------+--------------+--------------+-------------+--------------+
|   3   | 223.47574424743652 | 6.712205648422241 | [0.25944181953817064, 0.169318088892823] | [0.15299033] | [0.35085963] | [0.3031131] | [0.88392118] |
+-------+--------------------+-------------------+------------------------------------------+--------------+--------------+-------------+--------------+
###find better!
neg_sampling_cpp time: 1.74s
train_cf_triples shape: (666764, 3)
KG Training: Epoch 0004 Total Iter 0186 | Total Time 10.4s | Iter Mean Loss 0.0481
+-------+--------------------+------------------+--------------------------------------------+--------------+--------------+--------------+-------------+
| Epoch |   training time    |   tesing time    |                    Loss                    |    recall    |     ndcg     |  precision   |  hit_ratio  |
+-------+--------------------+------------------+--------------------------------------------+--------------+--------------+--------------+-------------+
|   4   | 223.09552693367004 | 6.82598090171814 | [0.23046585099393357, 0.16143211786147565] | [0.15689604] | [0.35541779] | [0.30879285] | [0.8887233] |
+-------+--------------------+------------------+--------------------------------------------+--------------+--------------+--------------+-------------+
###find better!
neg_sampling_cpp time: 1.77s
train_cf_triples shape: (666764, 3)
KG Training: Epoch 0005 Total Iter 0186 | Total Time 10.4s | Iter Mean Loss 0.0451
+-------+-------------------+-------------------+--------------------------------------------+--------------+--------------+--------------+--------------+
| Epoch |   training time   |    tesing time    |                    Loss                    |    recall    |     ndcg     |  precision   |  hit_ratio   |
+-------+-------------------+-------------------+--------------------------------------------+--------------+--------------+--------------+--------------+
|   5   | 223.1289415359497 | 6.733213901519775 | [0.20994791655102196, 0.15461985896464162] | [0.15975764] | [0.35826928] | [0.31074681] | [0.89352542] |
+-------+-------------------+-------------------+--------------------------------------------+--------------+--------------+--------------+--------------+
###find better!
neg_sampling_cpp time: 1.74s
train_cf_triples shape: (666764, 3)
KG Training: Epoch 0006 Total Iter 0186 | Total Time 10.4s | Iter Mean Loss 0.0426
+-------+--------------------+--------------------+-------------------------------------------+-------------+--------------+--------------+--------------+
| Epoch |   training time    |    tesing time     |                    Loss                   |    recall   |     ndcg     |  precision   |  hit_ratio   |
+-------+--------------------+--------------------+-------------------------------------------+-------------+--------------+--------------+--------------+
|   6   | 222.80763959884644 | 6.7144834995269775 | [0.1953595566139263, 0.14689774691774998] | [0.1582316] | [0.35391387] | [0.30854446] | [0.89137274] |
+-------+--------------------+--------------------+-------------------------------------------+-------------+--------------+--------------+--------------+
neg_sampling_cpp time: 1.73s
train_cf_triples shape: (666764, 3)
KG Training: Epoch 0007 Total Iter 0186 | Total Time 10.3s | Iter Mean Loss 0.0404
+-------+--------------------+-------------------+------------------------------------------+--------------+--------------+--------------+--------------+
| Epoch |   training time    |    tesing time    |                   Loss                   |    recall    |     ndcg     |  precision   |  hit_ratio   |
+-------+--------------------+-------------------+------------------------------------------+--------------+--------------+--------------+--------------+
|   7   | 222.95364093780518 | 6.718281984329224 | [0.18438693955321211, 0.141444976799043] | [0.15505804] | [0.34713427] | [0.30213612] | [0.88772976] |
+-------+--------------------+-------------------+------------------------------------------+--------------+--------------+--------------+--------------+
neg_sampling_cpp time: 1.74s
train_cf_triples shape: (666764, 3)
KG Training: Epoch 0008 Total Iter 0186 | Total Time 10.3s | Iter Mean Loss 0.0391
+-------+-------------------+-------------------+------------------------------------------+--------------+--------------+--------------+--------------+
| Epoch |   training time   |    tesing time    |                   Loss                   |    recall    |     ndcg     |  precision   |  hit_ratio   |
+-------+-------------------+-------------------+------------------------------------------+--------------+--------------+--------------+--------------+
|   8   | 222.8000636100769 | 6.859193563461304 | [0.1767630031255305, 0.1362768621726357] | [0.15155481] | [0.34055685] | [0.29731744] | [0.88226528] |
+-------+-------------------+-------------------+------------------------------------------+--------------+--------------+--------------+--------------+
neg_sampling_cpp time: 1.73s
train_cf_triples shape: (666764, 3)
KG Training: Epoch 0009 Total Iter 0186 | Total Time 10.4s | Iter Mean Loss 0.0371
+-------+-------------------+-------------------+--------------------------------------------+--------------+--------------+--------------+--------------+
| Epoch |   training time   |    tesing time    |                    Loss                    |    recall    |     ndcg     |  precision   |  hit_ratio   |
+-------+-------------------+-------------------+--------------------------------------------+--------------+--------------+--------------+--------------+
|   9   | 222.9616425037384 | 6.747511148452759 | [0.16921426342939214, 0.13228676331151157] | [0.14840572] | [0.33049839] | [0.28958437] | [0.88060937] |
+-------+-------------------+-------------------+--------------------------------------------+--------------+--------------+--------------+--------------+
neg_sampling_cpp time: 1.74s
train_cf_triples shape: (666764, 3)
KG Training: Epoch 0010 Total Iter 0186 | Total Time 10.5s | Iter Mean Loss 0.0358
+-------+--------------------+-------------------+------------------------------------------+--------------+--------------+--------------+--------------+
| Epoch |   training time    |    tesing time    |                   Loss                   |    recall    |     ndcg     |  precision   |  hit_ratio   |
+-------+--------------------+-------------------+------------------------------------------+--------------+--------------+--------------+--------------+
|   10  | 222.96940922737122 | 6.713762998580933 | [0.1637141916000968, 0.1301846195523507] | [0.14624291] | [0.32694286] | [0.28556052] | [0.87746316] |
+-------+--------------------+-------------------+------------------------------------------+--------------+--------------+--------------+--------------+
neg_sampling_cpp time: 1.75s
train_cf_triples shape: (666764, 3)
KG Training: Epoch 0011 Total Iter 0186 | Total Time 10.4s | Iter Mean Loss 0.0340
+-------+--------------------+-------------------+--------------------------------------------+--------------+--------------+--------------+--------------+
| Epoch |   training time    |    tesing time    |                    Loss                    |    recall    |     ndcg     |  precision   |  hit_ratio   |
+-------+--------------------+-------------------+--------------------------------------------+--------------+--------------+--------------+--------------+
|   11  | 222.78254294395447 | 6.774419784545898 | [0.15834590366908483, 0.12857478070195158] | [0.14367651] | [0.32445576] | [0.28440139] | [0.87249545] |
+-------+--------------------+-------------------+--------------------------------------------+--------------+--------------+--------------+--------------+
neg_sampling_cpp time: 1.74s
train_cf_triples shape: (666764, 3)
KG Training: Epoch 0012 Total Iter 0186 | Total Time 10.3s | Iter Mean Loss 0.0326
+-------+--------------------+--------------------+--------------------------------------------+--------------+--------------+--------------+-------------+
| Epoch |   training time    |    tesing time     |                    Loss                    |    recall    |     ndcg     |  precision   |  hit_ratio  |
+-------+--------------------+--------------------+--------------------------------------------+--------------+--------------+--------------+-------------+
|   12  | 222.88595604896545 | 6.6604084968566895 | [0.15442693772928623, 0.12570156504052865] | [0.14685693] | [0.33116374] | [0.29056135] | [0.8801126] |
+-------+--------------------+--------------------+--------------------------------------------+--------------+--------------+--------------+-------------+
neg_sampling_cpp time: 1.73s
train_cf_triples shape: (666764, 3)
KG Training: Epoch 0013 Total Iter 0186 | Total Time 10.5s | Iter Mean Loss 0.0315
+-------+--------------------+--------------------+-------------------------------------------+-------------+--------------+--------------+--------------+
| Epoch |   training time    |    tesing time     |                    Loss                   |    recall   |     ndcg     |  precision   |  hit_ratio   |
+-------+--------------------+--------------------+-------------------------------------------+-------------+--------------+--------------+--------------+
|   13  | 222.82134008407593 | 6.7100982666015625 | [0.1511022436721858, 0.12420723691726859] | [0.1421878] | [0.32168611] | [0.28236463] | [0.87017718] |
+-------+--------------------+--------------------+-------------------------------------------+-------------+--------------+--------------+--------------+
neg_sampling_cpp time: 1.75s
train_cf_triples shape: (666764, 3)
KG Training: Epoch 0014 Total Iter 0186 | Total Time 10.3s | Iter Mean Loss 0.0302
+-------+------------------+-------------------+--------------------------------------------+--------------+--------------+--------------+--------------+
| Epoch |  training time   |    tesing time    |                    Loss                    |    recall    |     ndcg     |  precision   |  hit_ratio   |
+-------+------------------+-------------------+--------------------------------------------+--------------+--------------+--------------+--------------+
|   14  | 222.756192445755 | 6.768099784851074 | [0.14941214409798834, 0.12310317681564033] | [0.14107765] | [0.31961439] | [0.28087432] | [0.86901805] |
+-------+------------------+-------------------+--------------------------------------------+--------------+--------------+--------------+--------------+
neg_sampling_cpp time: 1.73s
train_cf_triples shape: (666764, 3)
KG Training: Epoch 0015 Total Iter 0186 | Total Time 10.4s | Iter Mean Loss 0.0292
+-------+--------------------+-------------------+-------------------------------------------+--------------+--------------+--------------+--------------+
| Epoch |   training time    |    tesing time    |                    Loss                   |    recall    |     ndcg     |  precision   |  hit_ratio   |
+-------+--------------------+-------------------+-------------------------------------------+--------------+--------------+--------------+--------------+
|   15  | 222.59508800506592 | 7.179101228713989 | [0.1467659746907359, 0.12253494596127461] | [0.13859149] | [0.31511731] | [0.27726445] | [0.86520947] |
+-------+--------------------+-------------------+-------------------------------------------+--------------+--------------+--------------+--------------+
early stopping at 15, recall@20:0.1598
